pppsppspspspspaplpdadfsrfvfddddddddddddddddddddddddddddddgggggggggggg